// Jest Snapshot v1, https://goo.gl/fbAQLP

exports[`validate/validator getParamSchema ok 1`] = `
Object {
  "properties": Object {
    "path": Object {
      "properties": Object {
        "id": Object {
          "description": "id",
          "format": undefined,
          "required": Array [
            "true",
          ],
          "type": "string",
        },
      },
      "type": "object",
    },
    "query": Object {
      "properties": Object {
        "name": Object {
          "description": "",
          "format": undefined,
          "required": Array [
            "true",
          ],
          "type": "string",
        },
      },
      "type": "object",
    },
  },
  "type": "object",
}
`;
